{"synthetic": false,
 "schemaVersion": "2025-09-10",
 "outputs":
 {"o": ["26aaa348226f2ba8.olean"],
  "m": false,
  "i": "8605bc15a6014c81.ilean",
  "c": "05e5bab4bbc000e0.c"},
 "log":
 [{"message":
   ".> LEAN_PATH=C:\\GIT External Repo\\GHC-COMPILER-PYTHON\\lean\\.lake\\build\\lib\\lean c:\\Users\\Saimono\\.elan\\toolchains\\leanprover--lean4---v4.32.1\\bin\\lean.exe C:\\GIT External Repo\\GHC-COMPILER-PYTHON\\lean\\Proofs\\Extract.lean -o C:\\GIT External Repo\\GHC-COMPILER-PYTHON\\lean\\.lake\\build\\lib\\lean\\Proofs\\Extract.olean -i C:\\GIT External Repo\\GHC-COMPILER-PYTHON\\lean\\.lake\\build\\lib\\lean\\Proofs\\Extract.ilean -c C:\\GIT External Repo\\GHC-COMPILER-PYTHON\\lean\\.lake\\build\\ir\\Proofs\\Extract.c --setup C:\\GIT External Repo\\GHC-COMPILER-PYTHON\\lean\\.lake\\build\\ir\\Proofs\\Extract.setup.json --json",
   "level": "trace"}],
 "inputs":
 [["Proofs.Extract:deps",
   [["deps",
     [["ghcPythonProofs/Proofs:extraDep",
       [["@ghcPythonProofs:extraDep", "00000000000006bb"]]],
      ["imports", "00000000000006bb"]]],
    ["libs",
     [["import dynlibs", "00000000000006bb"],
      ["package external libraries", "00000000000006bb"],
      ["module dynlibs", "00000000000006bb"],
      ["module plugins", "00000000000006bb"]]]]],
  ["Lean 4.32.1, commit f054605aea4b840552cca2e725580bffd1e1b704",
   "4ce1780d8d26fd00"],
  ["C:\\GIT External Repo\\GHC-COMPILER-PYTHON\\lean\\Proofs\\Extract.lean",
   "85b7dfdb89676fcb"],
  ["options", "00000000000006bb"],
  ["isModule: false", "feefd2a0d3a1847e"],
  ["Module.name: Proofs.Extract", "c79bb194f5c23d31"],
  ["Package.id?: (some ghcPythonProofs)", "6d4a133f3cd446a9"],
  ["Module.leanArgs: #[]", "00000000000006bb"]],
 "depHash": "69bd9aad7c5eb08e"}