{"synthetic": false,
 "schemaVersion": "2025-09-10",
 "outputs":
 {"o": ["677dd5278642989a.olean"],
  "m": false,
  "i": "db0bd5dab99bc095.ilean",
  "c": "8cee8fd76aa3adce.c"},
 "log":
 [{"message":
   ".> LEAN_PATH=C:\\GIT External Repo\\GHC-COMPILER-PYTHON\\lean\\.lake\\build\\lib\\lean c:\\Users\\Saimono\\.elan\\toolchains\\leanprover--lean4---v4.32.1\\bin\\lean.exe C:\\GIT External Repo\\GHC-COMPILER-PYTHON\\lean\\Proofs\\Payload.lean -o C:\\GIT External Repo\\GHC-COMPILER-PYTHON\\lean\\.lake\\build\\lib\\lean\\Proofs\\Payload.olean -i C:\\GIT External Repo\\GHC-COMPILER-PYTHON\\lean\\.lake\\build\\lib\\lean\\Proofs\\Payload.ilean -c C:\\GIT External Repo\\GHC-COMPILER-PYTHON\\lean\\.lake\\build\\ir\\Proofs\\Payload.c --setup C:\\GIT External Repo\\GHC-COMPILER-PYTHON\\lean\\.lake\\build\\ir\\Proofs\\Payload.setup.json --json",
   "level": "trace"}],
 "inputs":
 [["Proofs.Payload:deps",
   [["deps",
     [["ghcPythonProofs/Proofs:extraDep",
       [["@ghcPythonProofs:extraDep", "00000000000006bb"]]],
      ["imports", "00000000000006bb"]]],
    ["libs",
     [["import dynlibs", "00000000000006bb"],
      ["package external libraries", "00000000000006bb"],
      ["module dynlibs", "00000000000006bb"],
      ["module plugins", "00000000000006bb"]]]]],
  ["Lean 4.32.1, commit f054605aea4b840552cca2e725580bffd1e1b704",
   "4ce1780d8d26fd00"],
  ["C:\\GIT External Repo\\GHC-COMPILER-PYTHON\\lean\\Proofs\\Payload.lean",
   "fd46e25949cbb0de"],
  ["options", "00000000000006bb"],
  ["isModule: false", "feefd2a0d3a1847e"],
  ["Module.name: Proofs.Payload", "7b486e035915d13d"],
  ["Package.id?: (some ghcPythonProofs)", "6d4a133f3cd446a9"],
  ["Module.leanArgs: #[]", "00000000000006bb"]],
 "depHash": "206e884f4a1f90d6"}