{"synthetic": false,
 "schemaVersion": "2025-09-10",
 "outputs":
 {"o": ["29816e5ff89ca612.olean"],
  "m": false,
  "i": "5f292e6337d9639a.ilean",
  "c": "034ad8f53706a33b.c"},
 "log":
 [{"message":
   ".> LEAN_PATH=C:\\GIT External Repo\\GHC-COMPILER-PYTHON\\lean\\.lake\\build\\lib\\lean c:\\Users\\Saimono\\.elan\\toolchains\\leanprover--lean4---v4.32.1\\bin\\lean.exe C:\\GIT External Repo\\GHC-COMPILER-PYTHON\\lean\\Proofs.lean -o C:\\GIT External Repo\\GHC-COMPILER-PYTHON\\lean\\.lake\\build\\lib\\lean\\Proofs.olean -i C:\\GIT External Repo\\GHC-COMPILER-PYTHON\\lean\\.lake\\build\\lib\\lean\\Proofs.ilean -c C:\\GIT External Repo\\GHC-COMPILER-PYTHON\\lean\\.lake\\build\\ir\\Proofs.c --setup C:\\GIT External Repo\\GHC-COMPILER-PYTHON\\lean\\.lake\\build\\ir\\Proofs.setup.json --json",
   "level": "trace"}],
 "inputs":
 [["Proofs:deps",
   [["deps",
     [["ghcPythonProofs/Proofs:extraDep",
       [["@ghcPythonProofs:extraDep", "00000000000006bb"]]],
      ["imports",
       [["Proofs.Payload transitive imports (legacy)", "00000000000006bb"],
        ["Proofs.Payload:importAllArts", "3107e8f484da6410"],
        ["Proofs.Extract transitive imports (legacy)", "00000000000006bb"],
        ["Proofs.Extract:importAllArts", "4263db5113dfdd8d"],
        ["Proofs.Guard transitive imports (legacy)", "00000000000006bb"],
        ["Proofs.Guard:importAllArts", "bf0cb13597ada3bd"]]]]],
    ["libs",
     [["import dynlibs", "00000000000006bb"],
      ["package external libraries", "00000000000006bb"],
      ["module dynlibs", "00000000000006bb"],
      ["module plugins", "00000000000006bb"]]]]],
  ["Lean 4.32.1, commit f054605aea4b840552cca2e725580bffd1e1b704",
   "4ce1780d8d26fd00"],
  ["C:\\GIT External Repo\\GHC-COMPILER-PYTHON\\lean\\Proofs.lean",
   "dcd49e1f7b851afa"],
  ["options", "00000000000006bb"],
  ["isModule: false", "feefd2a0d3a1847e"],
  ["Module.name: Proofs", "5abe64f434a40691"],
  ["Package.id?: (some ghcPythonProofs)", "6d4a133f3cd446a9"],
  ["Module.leanArgs: #[]", "00000000000006bb"]],
 "depHash": "9a7d81be7363fd04"}